                   Pay rate table

  DAY        Morning  Afternoon  Evening    Night

Monday        12.00     12.00     13.20     15.96
Tuesday       12.00     12.00     13.20     15.96
Wednesday     12.00     12.00     13.20     15.96
Thursday      12.00     12.00     13.20     15.96
Friday        12.00     12.00     13.20     15.96
Saturday      15.00     15.00     16.50     19.95
Sunday        15.00     15.00     16.50     19.95
