sqrt(9.0) = 3.00000000
sqrt(9) = 3.00000000
abs(-5.0) = 5.00000000
abs(-5) = 5
