P5 Pascal compiler vs. 1.0


     1       40 (* program  4.7

     2       40  write roman numerals *)

     3       40  

     4       40 program roman(output);

     5       40  

     6       40 var x, y : integer;

     7       48 begin y := 1;

     8        7    repeat x := y; write(x, ' ');

     9       18       while x >= 1000 do

    10       22          begin write('m'); x := x - 1000 end;

    11       33       if x >= 500 then

    12       37          begin write('d'); x := x - 500 end;

    13       47       while x >= 100 do

    14       51          begin write('c'); x := x - 100 end;

    15       62       if x >= 50 then

    16       66          begin write('l'); x := x - 50 end;

    17       76       while x >= 10 do

    18       80          begin write('x'); x := x - 10 end;

    19       91       if x >= 5 then

    20       95          begin write('v'); x := x - 5 end;

    21      105       while x >= 1 do

    22      109          begin write('i'); x := x - 1 end;

    23      120       writeln; y := 2 * y

    24      124    until y > 5000

    25      128 end.


Errors in program: 0
