initial   : x 1 200 123 32768 -1
write part  1 ...
read part   1 ...
write part  2 ...
read part   2 ...
final     : x 1 200 123 32768 -1
