a[0] = 0
a[1] = 1
a[2] = 2
a[3] = 3
a[4] = 4
a[5] = 5
a[6] = 6
a[7] = 7
a[8] = 8
a[9] = 9

s = [ 1 2 3 5 7 ]

r.a = 11
r.b = 22
r.c = 1.10000000
r.d = 2.20000000

i = 1000
------------------------------
a[0] = 123
a[1] = 1
a[2] = 2
a[3] = 3
a[4] = 4
a[5] = 5
a[6] = 6
a[7] = 7
a[8] = 8
a[9] = 321

s = [ ]

r.a = 0
r.b = -1
r.c = 0.000000000
r.d = -3.14000000

i = 1024
