    1 TRUE is True, and this is dumb.
    2 Small even number.
    3 Boo Boo Boo
    4 Small even number.
    5
    6 Small even number.
    7 Big Number
    8 Big Number
    9 Big Number
   10
