generarea combinarilor de n luate cï¿½te k
n=6
k=3
67305985  262914  1027  
