HANOI
n=4
1.HANOI1(umplerea matricii) 2.HANOI2(construire arbore complet)
3.HANOI3(recursiv)  4.EXIT
optiunea dvs:3375180916909059503976995052851433751809-16645373838210596743629050595071-165795801173757481011217951717222367078 262
16909059503976995052851433751809-16645373838210596743629050595071-165795801173757481011217951717222367078 262   1
optiunea dvs:(1,3)(1,2)(3,2)(197377,771)(-198142,197377)(-198142,771)(197377,771)(50528513,197377)(-50725884,50528513)(-50725884,197377)(50528513,197377)
optiunea dvs:(1,3)(1,2)(3,2)(1,3)(2,1)(2,3)(1,3)(1,2)(3,2)(3,1)(2,1)(3,2)(1,3)(1,2)(3,2)
optiunea dvs:BYE-BYE!
