sqrt(9.0) =          3
sqrt(9) =          3
abs(-5.0) =          5
abs(-5) = 5
