P_L1
p1 = 0
p2 = 0
P_L1
p1 = 1
p2 = 0
P_L2
p1 = 2
p2 = 0
