The integers are    4    5
The bytes are  212  215
The real value is      345.13    345.1250

The boolean value is true         true
The char variable is an R
