   Pascal amortization program

Enter amount borrowed                         Enter interest rate as percentage (i.e. 13.5) Enter number of years of payoff               Enter month of first payment (i.e. 5 for May) Enter year of first payment (i.e. 1991)       

Original loan amount =   16345.99   Interest rate =   6.50%

Month    payment  interest    princ   balance

    3    319.83     88.54    231.29  16114.70
    4    319.83     87.29    232.54  15882.16
    5    319.83     86.03    233.80  15648.36
    6    319.83     84.76    235.07  15413.30
    7    319.83     83.49    236.34  15176.96
    8    319.83     82.21    237.62  14939.34
    9    319.83     80.92    238.91  14700.43
   10    319.83     79.63    240.20  14460.23
   11    319.83     78.33    241.50  14218.73
   12    319.83     77.02    242.81  13975.92

Total interest for  2012 =     828.21



Original loan amount =   16345.99   Interest rate =   6.50%

Month    payment  interest    princ   balance

    1    319.83     75.70    244.13  13731.79
    2    319.83     74.38    245.45  13486.35
    3    319.83     73.05    246.78  13239.57
    4    319.83     71.71    248.11  12991.46
    5    319.83     70.37    249.46  12742.00
    6    319.83     69.02    250.81  12491.19
    7    319.83     67.66    252.17  12239.02
    8    319.83     66.29    253.53  11985.49
    9    319.83     64.92    254.91  11730.58
   10    319.83     63.54    256.29  11474.29
   11    319.83     62.15    257.68  11216.62
   12    319.83     60.76    259.07  10957.55

Total interest for  2013 =     819.56



Original loan amount =   16345.99   Interest rate =   6.50%

Month    payment  interest    princ   balance

    1    319.83     59.35    260.47  10697.07
    2    319.83     57.94    261.89  10435.19
    3    319.83     56.52    263.30  10171.88
    4    319.83     55.10    264.73   9907.15
    5    319.83     53.66    266.16   9640.99
    6    319.83     52.22    267.61   9373.38
    7    319.83     50.77    269.06   9104.33
    8    319.83     49.32    270.51   8833.81
    9    319.83     47.85    271.98   8561.83
   10    319.83     46.38    273.45   8288.38
   11    319.83     44.90    274.93   8013.45
   12    319.83     43.41    276.42   7737.03

Total interest for  2014 =     617.42



Original loan amount =   16345.99   Interest rate =   6.50%

Month    payment  interest    princ   balance

    1    319.83     41.91    277.92   7459.11
    2    319.83     40.40    279.42   7179.69
    3    319.83     38.89    280.94   6898.75
    4    319.83     37.37    282.46   6616.29
    5    319.83     35.84    283.99   6332.30
    6    319.83     34.30    285.53   6046.77
    7    319.83     32.75    287.07   5759.69
    8    319.83     31.20    288.63   5471.06
    9    319.83     29.63    290.19   5180.87
   10    319.83     28.06    291.77   4889.11
   11    319.83     26.48    293.35   4595.76
   12    319.83     24.89    294.93   4300.83

Total interest for  2015 =     401.73



Original loan amount =   16345.99   Interest rate =   6.50%

Month    payment  interest    princ   balance

    1    319.83     23.30    296.53   4004.30
    2    319.83     21.69    298.14   3706.16
    3    319.83     20.08    299.75   3406.40
    4    319.83     18.45    301.38   3105.03
    5    319.83     16.82    303.01   2802.02
    6    319.83     15.18    304.65   2497.37
    7    319.83     13.53    306.30   2191.07
    8    319.83     11.87    307.96   1883.11
    9    319.83     10.20    309.63   1573.48
   10    319.83      8.52    311.31   1262.17
   11    319.83      6.84    312.99    949.18
   12    319.83      5.14    314.69    634.50

Total interest for  2016 =     171.61



Original loan amount =   16345.99   Interest rate =   6.50%

Month    payment  interest    princ   balance

    1    319.83      3.44    316.39    318.10
    2    319.83      1.72    318.10      0.00

Total interest for  2017 =       5.16

