 Output of checkerboard

      4      7     10     13     16     19     22     25
      5      8     11     14     17     20     23     26
      6      9     12     15     18     21     24     27
      7     10     13     16     19     22     25     28
      8     11     14     17     20     23     26     29
      9     12     15     18     21     24     27     30
     10     13     16     19     22     25     28     31
     11     14     17     20     23     26     29     32



Output of value

      9     15     21     27     33     39     45     51
     12     18     24     30     36     42     48     54
     15     21     27     33     -1      3      2     57
     18     24     30     36     42     48     54     60
     21     27     33     39     45     51     57     63
     24     30     36     42     48     54     60     66
     27     33     39     45     51     57     63     69
     30     36     42     48     54     60     66     72
