 solutie : 
1  5  8  6  3  7  2  4  
 solutie : 
1  6  8  3  7  4  2  5  
 solutie : 
1  7  4  6  8  2  5  3  
 solutie : 
1  7  5  8  2  4  6  3  
 solutie : 
2  4  6  8  3  1  7  5  
 solutie : 
2  5  7  1  3  8  6  4  
 solutie : 
2  5  7  4  1  8  6  3  
 solutie : 
2  6  1  7  4  8  3  5  
 solutie : 
2  6  8  3  1  4  7  5  
 solutie : 
2  7  3  6  8  5  1  4  
 solutie : 
2  7  5  8  1  4  6  3  
 solutie : 
2  8  6  1  3  5  7  4  
 solutie : 
3  1  7  5  8  2  4  6  
 solutie : 
3  5  2  8  1  7  4  6  
 solutie : 
3  5  2  8  6  4  7  1  
 solutie : 
3  5  7  1  4  2  8  6  
 solutie : 
3  5  8  4  1  7  2  6  
 solutie : 
3  6  2  5  8  1  7  4  
 solutie : 
3  6  2  7  1  4  8  5  
 solutie : 
3  6  2  7  5  1  8  4  
 solutie : 
3  6  4  1  8  5  7  2  
 solutie : 
3  6  4  2  8  5  7  1  
 solutie : 
3  6  8  1  4  7  5  2  
 solutie : 
3  6  8  1  5  7  2  4  
 solutie : 
3  6  8  2  4  1  7  5  
 solutie : 
3  7  2  8  5  1  4  6  
 solutie : 
3  7  2  8  6  4  1  5  
 solutie : 
3  8  4  7  1  6  2  5  
 solutie : 
4  1  5  8  2  7  3  6  
 solutie : 
4  1  5  8  6  3  7  2  
 solutie : 
4  2  5  8  6  1  3  7  
 solutie : 
4  2  7  3  6  8  1  5  
 solutie : 
4  2  7  3  6  8  5  1  
 solutie : 
4  2  7  5  1  8  6  3  
 solutie : 
4  2  8  5  7  1  3  6  
 solutie : 
4  2  8  6  1  3  5  7  
 solutie : 
4  6  1  5  2  8  3  7  
 solutie : 
4  6  8  2  7  1  3  5  
 solutie : 
4  6  8  3  1  7  5  2  
 solutie : 
4  7  1  8  5  2  6  3  
 solutie : 
4  7  3  8  2  5  1  6  
 solutie : 
4  7  5  2  6  1  3  8  
 solutie : 
4  7  5  3  1  6  8  2  
 solutie : 
4  8  1  3  6  2  7  5  
 solutie : 
4  8  1  5  7  2  6  3  
 solutie : 
4  8  5  3  1  7  2  6  
 solutie : 
5  1  4  6  8  2  7  3  
 solutie : 
5  1  8  4  2  7  3  6  
 solutie : 
5  1  8  6  3  7  2  4  
 solutie : 
5  2  4  6  8  3  1  7  
 solutie : 
5  2  4  7  3  8  6  1  
 solutie : 
5  2  6  1  7  4  8  3  
 solutie : 
5  2  8  1  4  7  3  6  
 solutie : 
5  3  1  6  8  2  4  7  
 solutie : 
5  3  1  7  2  8  6  4  
 solutie : 
5  3  8  4  7  1  6  2  
 solutie : 
5  7  1  3  8  6  4  2  
 solutie : 
5  7  1  4  2  8  6  3  
 solutie : 
5  7  2  4  8  1  3  6  
 solutie : 
5  7  2  6  3  1  4  8  
 solutie : 
5  7  2  6  3  1  8  4  
 solutie : 
5  7  4  1  3  8  6  2  
 solutie : 
5  8  4  1  3  6  2  7  
 solutie : 
5  8  4  1  7  2  6  3  
 solutie : 
6  1  5  2  8  3  7  4  
 solutie : 
6  2  7  1  3  5  8  4  
 solutie : 
6  2  7  1  4  8  5  3  
 solutie : 
6  3  1  7  5  8  2  4  
 solutie : 
6  3  1  8  4  2  7  5  
 solutie : 
6  3  1  8  5  2  4  7  
 solutie : 
6  3  5  7  1  4  2  8  
 solutie : 
6  3  5  8  1  4  2  7  
 solutie : 
6  3  7  2  4  8  1  5  
 solutie : 
6  3  7  2  8  5  1  4  
 solutie : 
6  3  7  4  1  8  2  5  
 solutie : 
6  4  1  5  8  2  7  3  
 solutie : 
6  4  2  8  5  7  1  3  
 solutie : 
6  4  7  1  3  5  2  8  
 solutie : 
6  4  7  1  8  2  5  3  
 solutie : 
6  8  2  4  1  7  5  3  
 solutie : 
7  1  3  8  6  4  2  5  
 solutie : 
7  2  4  1  8  5  3  6  
 solutie : 
7  2  6  3  1  4  8  5  
 solutie : 
7  3  1  6  8  5  2  4  
 solutie : 
7  3  8  2  5  1  6  4  
 solutie : 
7  4  2  5  8  1  3  6  
 solutie : 
7  4  2  8  6  1  3  5  
 solutie : 
7  5  3  1  6  8  2  4  
 solutie : 
8  2  4  1  7  5  3  6  
 solutie : 
8  2  5  3  1  7  4  6  
 solutie : 
8  3  1  6  2  5  7  4  
 solutie : 
8  4  1  3  6  2  7  5  
