HANOI
n=4
1.HANOI1(umplerea matricii) 2.HANOI2(construire arbore complet)
3.HANOI3(recursiv)  4.EXIT
optiunea dvs:   1   1   3   1   2   2   1   1   3   3   2   3   1   1   3
   3   2   2   3   1   3   3   2   2   1   1   2   3   2   2
optiunea dvs:(1,3)(1,2)(3,2)(1,3)(2,1)(2,3)(1,3)(1,2)(3,2)(3,1)(2,1)(3,2)(1,3)(1,2)(3,2)
optiunea dvs:(1,3)(1,2)(3,2)(1,3)(2,1)(2,3)(1,3)(1,2)(3,2)(3,1)(2,1)(3,2)(1,3)(1,2)(3,2)
optiunea dvs:BYE-BYE!
