main
foo
foo.bar1
foo.testPfn(0)
pfn = 123
foo.bar1
foo.testPfn(1)
pfn = 1123
foo.bar1
foo.testPfn(2)
pfn = 2123
foo.bar1
foo.testPfn(3)
pfn = 3123
3 123 0
2 123 0
1 123 0
0 123 0
foo.bar2
foo.procPfn(123)
foo.bar1
foo.bar2.testPfn(1)
pfn = 223
foo.bar1
foo.bar2.testPfn(2)
pfn = 323
foo.bar1
foo.bar2.testPfn(3)
pfn = 423
3 123 0
2 123 0
1 123 0
foo.bar2.testPfn(100)
foo.bar2.moo
foo.bar2.testPfn(123)
pfn = 12423
foo.bar1
foo.bar2.testPfn(2)
pfn = 323
foo.bar1
foo.bar2.testPfn(3)
pfn = 423
3 123 0
2 123 0
10123 1000 123 0
1000 123 0
123 0
0
