a[0] = 0
a[1] = 1
a[2] = 2
a[3] = 3
a[4] = 4
a[5] = 5
a[6] = 6
a[7] = 7
a[8] = 8
a[9] = 9

s = [ 2 3 5 7 ]

r.a = 11
r.b = 22
r.c =        1.1
r.d =        2.2
