a[0] = 0
a[1] = 1
a[2] = 2
a[3] = 3

s = [ 2 3 5 7 ]

r.a = 11, r.b = 22
